

#
# Fatal process out of memory: Zone
#
----- Native stack trace -----


<--- Last few GCs --->

[6424:00000189A8D51000]     5533 ms: Scavenge 219.9 (233.2) -> 218.2 (235.2) MB, pooled: 5 MB, 5.00 / 0.00 ms  (average mu = 0.887, current mu = 0.000) allocation failure; 
[6424:00000189A8D51000]     5641 ms: Scavenge 222.3 (235.2) -> 220.3 (239.0) MB, pooled: 6 MB, 10.55 / 0.00 ms  (average mu = 0.887, current mu = 0.000) allocation failure; 


<--- JS stacktrace --->

FATAL ERROR: Zone Allocation failed - process out of memory
----- Native stack trace -----

 1: 00007FF6E67A711D 
 2: 00007FF6E670A138 
 3: 00007FF6E7290C51 
 4: 00007FF6E727D8D6 
 5: 00007FF6E6D4C79B 
 6: 00007FF6E6E4BF86 
 7: 00007FF6E6E58CD6 
 8: 00007FF6E6E59282 
 9: 00007FF6E6E59431 
10: 00007FF6E6E583C8 
11: 00007FF6E6E57675 
12: 00007FF6E6E58DD8 
13: 00007FF6E6E49484 
14: 00007FF6E6E57BCE 
15: 00007FF6E6E42F70 
16: 00007FF6E71F4BDD 
17: 00007FF6E71F460A 
18: 00007FF6E6DC07E7 
19: 00007FF6E734BFEE 
20: 00007FF6E72AE14F 
21: 00007FF6E72AC852 
22: 00007FF6E72AC852 
23: 00007FF6E72AC852 
24: 00007FF6E72AC852 
25: 00007FF6E72AC852 
26: 00007FF6E72AC852 
27: 00007FF6E72AC852 
28: 00007FF6E72AC852 
29: 00007FF6E72AC852 
30: 00007FF6E72AC852 
31: 00007FF6E72AC852 
32: 00007FF6E72AC852 
33: 00007FF6E72AC852 
34: 00007FF6E72AC852 
35: 00007FF6E72AC852 
36: 00007FF6E72AC852 
37: 00007FF6E72AC852 
38: 00007FF6E72AC852 
39: 00007FF6E72AC852 
40: 00007FF6E72AC852 
41: 00007FF6E72AC852 
42: 00007FF6E72AC852 
43: 00007FF6E72AC852 
44: 00007FF6E72AC852 
45: 00007FF6E72AC852 
46: 00007FF6E72AC852 
47: 00007FF6E72AC852 
48: 00007FF6E72AC852 
49: 00007FF6E72AC852 
50: 00007FF6E72AC852 
51: 00007FF6E72AC852 
52: 00007FF6E72AC852 
53: 00007FF6E72AC852 
54: 00007FF6E72AC852 
55: 00007FF6E72AA450 
56: 00007FF6E72AA04B 
57: 00007FF6E71539AA 
58: 00007FF6E71532E3 
59: 00007FF6E7276144 
60: 00007FF6E672F9E5 
61: 00007FF6E672FC4C 
62: 00007FF6E6675816 
63: 00007FF6E6754172 
64: 00007FF6E6754C3B 
65: 00007FF6E67E678B 
66: 00007FF6E66B33BA 
67: 00007FF6E67553CC 
68: 00007FF6E6754127 
69: 00007FF6E64CEC1C 
70: 00007FF6E7FE6654 
71: 00007FFEDA077374 BaseThreadInitThunk+20
72: 00007FFEDA3DCC91 
