
> tudojang-gestion@0.0.0 test:coverage
> jest --coverage --json --outputFile=coverage/coverage-summary.json

